// Jest Snapshot v1, https://goo.gl/fbAQLP

exports[`BigDataTableListPage Snapshot 1`] = `
<PageHeaderWrapper>
  <Component />
</PageHeaderWrapper>
`;
