// Jest Snapshot v1, https://goo.gl/fbAQLP

exports[`Search Snapshot 1`] = `
<Menu
  className="menu"
>
  <MenuItem
    key="en-US"
  >
    <span
      aria-label="English"
      role="img"
    >
      ğŸ‡ºğŸ‡¸
    </span>
     
    English
  </MenuItem>
  <MenuItem
    key="es-ES"
  >
    <span
      aria-label="EspaÃ±ol"
      role="img"
    >
      ğŸ‡ªğŸ‡¸
    </span>
     
    EspaÃ±ol
  </MenuItem>
  <MenuItem
    key="zh-CN"
  >
    <span
      aria-label="ç®€ä½“ä¸­æ–‡"
      role="img"
    >
      ğŸ‡¨ğŸ‡³
    </span>
     
    ç®€ä½“ä¸­æ–‡
  </MenuItem>
</Menu>
`;
